Loading db file '/home/ece/ASICFULL/ASIC-Flow_labs_v1p4/library_32nm/SAED32_EDK/lib/stdcell_rvt/db_nldm/saed32rvt_ss0p95v125c.db'
Information: Propagating switching activity (medium effort zero delay simulation). (PWR-6)
Warning: Design has unannotated primary inputs. (PWR-414)
Warning: Design has unannotated sequential cell outputs. (PWR-415)
 
****************************************
Report : power
        -analysis_effort medium
Design : alu_csa
Version: T-2022.03-SP5-4
Date   : Wed Jun 10 18:05:24 2026
****************************************


Library(s) Used:

    saed32rvt_ss0p95v125c (File: /home/ece/ASICFULL/ASIC-Flow_labs_v1p4/library_32nm/SAED32_EDK/lib/stdcell_rvt/db_nldm/saed32rvt_ss0p95v125c.db)


Operating Conditions: ss0p95v125c   Library: saed32rvt_ss0p95v125c
Wire Load Model Mode: enclosed

Design        Wire Load Model            Library
------------------------------------------------
alu_csa                8000              saed32rvt_ss0p95v125c
adder_csa16            8000              saed32rvt_ss0p95v125c
adder_rca4_6           ForQA             saed32rvt_ss0p95v125c
full_adder_27          ForQA             saed32rvt_ss0p95v125c
adder_rca4_0           ForQA             saed32rvt_ss0p95v125c
adder_rca4_1           ForQA             saed32rvt_ss0p95v125c
adder_rca4_2           ForQA             saed32rvt_ss0p95v125c
adder_rca4_3           ForQA             saed32rvt_ss0p95v125c
adder_rca4_4           ForQA             saed32rvt_ss0p95v125c
adder_rca4_5           ForQA             saed32rvt_ss0p95v125c
full_adder_0           ForQA             saed32rvt_ss0p95v125c
full_adder_1           ForQA             saed32rvt_ss0p95v125c
full_adder_2           ForQA             saed32rvt_ss0p95v125c
full_adder_3           ForQA             saed32rvt_ss0p95v125c
full_adder_4           ForQA             saed32rvt_ss0p95v125c
full_adder_5           ForQA             saed32rvt_ss0p95v125c
full_adder_6           ForQA             saed32rvt_ss0p95v125c
full_adder_7           ForQA             saed32rvt_ss0p95v125c
full_adder_8           ForQA             saed32rvt_ss0p95v125c
full_adder_9           ForQA             saed32rvt_ss0p95v125c
full_adder_10          ForQA             saed32rvt_ss0p95v125c
full_adder_11          ForQA             saed32rvt_ss0p95v125c
full_adder_12          ForQA             saed32rvt_ss0p95v125c
full_adder_13          ForQA             saed32rvt_ss0p95v125c
full_adder_14          ForQA             saed32rvt_ss0p95v125c
full_adder_15          ForQA             saed32rvt_ss0p95v125c
full_adder_16          ForQA             saed32rvt_ss0p95v125c
full_adder_17          ForQA             saed32rvt_ss0p95v125c
full_adder_18          ForQA             saed32rvt_ss0p95v125c
full_adder_19          ForQA             saed32rvt_ss0p95v125c
full_adder_20          ForQA             saed32rvt_ss0p95v125c
full_adder_21          ForQA             saed32rvt_ss0p95v125c
full_adder_22          ForQA             saed32rvt_ss0p95v125c
full_adder_23          ForQA             saed32rvt_ss0p95v125c
full_adder_24          ForQA             saed32rvt_ss0p95v125c
full_adder_25          ForQA             saed32rvt_ss0p95v125c
full_adder_26          ForQA             saed32rvt_ss0p95v125c


Global Operating Voltage = 0.95 
Power-specific unit information :
    Voltage Units = 1V
    Capacitance Units = 1.000000ff
    Time Units = 1ns
    Dynamic Power Units = 1uW    (derived from V,C,T units)
    Leakage Power Units = 1pW


Attributes
----------
i - Including register clock pin internal power


  Cell Internal Power  =  21.8351 uW   (87%)
  Net Switching Power  =   3.2958 uW   (13%)
                         ---------
Total Dynamic Power    =  25.1309 uW  (100%)

Cell Leakage Power     =  34.3821 uW


                 Internal         Switching           Leakage            Total
Power Group      Power            Power               Power              Power   (   %    )  Attrs
--------------------------------------------------------------------------------------------------
io_pad             0.0000            0.0000            0.0000            0.0000  (   0.00%)
memory             0.0000            0.0000            0.0000            0.0000  (   0.00%)
black_box          0.0000            0.0000            0.0000            0.0000  (   0.00%)
clock_network     13.0635            0.0000            0.0000           13.0635  (  21.95%)  i
register       -3.6498e-01        5.5569e-04        9.4002e+06            9.0358 (  15.18%)
sequential         0.0000            0.0000            0.0000            0.0000  (   0.00%)
combinational      9.1366            3.2953        2.4982e+07           37.4137  (  62.87%)
--------------------------------------------------------------------------------------------------
Total             21.8351 uW         3.2958 uW     3.4382e+07 pW        59.5131 uW
1
